Saturday, July 18, 11:31:00, 2015

                    Generalplus u'nSP Linker version 1.14.13.6 (enc)
                    -------------------------------------------

Global Symbol Name                                Global Value     Global Filename
***********************************************************************************************************************************************************************************************************************************************************************************************************
_RESET                                                   8009      "C:\Program Files (x86)\unspIDE\startupcode\startupD.obj"
__sn_loop                                                8025      "C:\Program Files (x86)\unspIDE\startupcode\startupD.obj"
__sn_loop2                                               8024      "C:\Program Files (x86)\unspIDE\startupcode\startupD.obj"
__sn_init_table                                          8000      "Linker internal symbol"
__sn_sp_val                                              7FF       "Linker internal symbol"
_stop                                                    1         "D:\Light3\light\Debug\main.obj"
_Delay                                                   8026      "D:\Light3\light\Debug\main.obj"
_scanKey                                                 8042      "D:\Light3\light\Debug\main.obj"
_delayTime                                               8091      "D:\Light3\light\Debug\main.obj"
_main                                                    810F      "D:\Light3\light\Debug\main.obj"
_RES_Table                                               0         "D:\Light3\light\Debug\Resource.obj"
***********************************************************************************************************************************************************************************************************************************************************************************************************

***********************************************************************************************************************************************************************************************************************************************************************************************************
*                             S E C T I O N     S U M M A R Y                                                                                                                                                                                                                                             *
***********************************************************************************************************************************************************************************************************************************************************************************************************
*     Section Name                                       Startting Address   Ending Address      Size                                                                                                                                                                                                     *
***********************************************************************************************************************************************************************************************************************************************************************************************************
* "C:\Program Files (x86)\unspIDE\startupcode\startupD.obj"                                                                                                                                                                                                                                               *
*    DEBUG                                               ----                ----                ----                                                                                                                                                                                                     *
*    CODE                                                ----                ----                ----                                                                                                                                                                                                     *
*    DATA                                                ----                ----                ----                                                                                                                                                                                                     *
*    TEXT                                                ----                ----                ----                                                                                                                                                                                                     *
*    IRAM                                                ----                ----                ----                                                                                                                                                                                                     *
*    ISRAM                                               ----                ----                ----                                                                                                                                                                                                     *
*    RAM                                                 ----                ----                ----                                                                                                                                                                                                     *
*    SRAM                                                ----                ----                ----                                                                                                                                                                                                     *
*    ORAM                                                ----                ----                ----                                                                                                                                                                                                     *
*    OSRAM                                               ----                ----                ----                                                                                                                                                                                                     *
*    NB_DATA                                             ----                ----                ----                                                                                                                                                                                                     *
*    CTOR                                                ----                ----                ----                                                                                                                                                                                                     *
*    DTOR                                                ----                ----                ----                                                                                                                                                                                                     *
*    IM                                                  ----                ----                ----                                                                                                                                                                                                     *
*    LINKONCE                                            ----                ----                ----                                                                                                                                                                                                     *
*    VTBL                                                ----                ----                ----                                                                                                                                                                                                     *
*    NB_MERGE                                            ----                ----                ----                                                                                                                                                                                                     *
*    unSP_StartUp(TEXT)                                  8009                8025                1D                                                                                                                                                                                                       *
* "D:\Light3\light\Debug\main.obj"                                                                                                                                                                                                                                                                        *
*    DEBUG                                               ----                ----                ----                                                                                                                                                                                                     *
*    CODE                                                8026                821F                1FA                                                                                                                                                                                                      *
*    DATA                                                ----                ----                ----                                                                                                                                                                                                     *
*    TEXT                                                ----                ----                ----                                                                                                                                                                                                     *
*    IRAM                                                8220(1)             8220(1)             1                                                                                                                                                                                                        *
*    ISRAM                                               ----                ----                ----                                                                                                                                                                                                     *
*    RAM                                                 ----                ----                ----                                                                                                                                                                                                     *
*    SRAM                                                ----                ----                ----                                                                                                                                                                                                     *
*    ORAM                                                ----                ----                ----                                                                                                                                                                                                     *
*    OSRAM                                               ----                ----                ----                                                                                                                                                                                                     *
*    NB_DATA                                             ----                ----                ----                                                                                                                                                                                                     *
*    CTOR                                                ----                ----                ----                                                                                                                                                                                                     *
*    DTOR                                                ----                ----                ----                                                                                                                                                                                                     *
*    IM                                                  ----                ----                ----                                                                                                                                                                                                     *
*    LINKONCE                                            ----                ----                ----                                                                                                                                                                                                     *
*    VTBL                                                ----                ----                ----                                                                                                                                                                                                     *
*    NB_MERGE                                            ----                ----                ----                                                                                                                                                                                                     *
*    RAM_BANK0                                           ----                ----                ----                                                                                                                                                                                                     *
*    IRAM_BANK0                                          ----                ----                ----                                                                                                                                                                                                     *
*    ORAM_BANK0                                          ----                ----                ----                                                                                                                                                                                                     *
* "D:\Light3\light\Debug\Resource.obj"                                                                                                                                                                                                                                                                    *
*    DEBUG                                               ----                ----                ----                                                                                                                                                                                                     *
*    CODE                                                ----                ----                ----                                                                                                                                                                                                     *
*    DATA                                                ----                ----                ----                                                                                                                                                                                                     *
*    TEXT                                                ----                ----                ----                                                                                                                                                                                                     *
*    IRAM                                                ----                ----                ----                                                                                                                                                                                                     *
*    ISRAM                                               ----                ----                ----                                                                                                                                                                                                     *
*    RAM                                                 ----                ----                ----                                                                                                                                                                                                     *
*    SRAM                                                ----                ----                ----                                                                                                                                                                                                     *
*    ORAM                                                ----                ----                ----                                                                                                                                                                                                     *
*    OSRAM                                               ----                ----                ----                                                                                                                                                                                                     *
*    NB_DATA                                             ----                ----                ----                                                                                                                                                                                                     *
*    CTOR                                                ----                ----                ----                                                                                                                                                                                                     *
*    DTOR                                                ----                ----                ----                                                                                                                                                                                                     *
*    IM                                                  ----                ----                ----                                                                                                                                                                                                     *
*    LINKONCE                                            ----                ----                ----                                                                                                                                                                                                     *
*    VTBL                                                ----                ----                ----                                                                                                                                                                                                     *
*    NB_MERGE                                            ----                ----                ----                                                                                                                                                                                                     *
*    RAM_BANK0                                           ----                ----                ----                                                                                                                                                                                                     *
*    IRAM_BANK0                                          ----                ----                ----                                                                                                                                                                                                     *
*    ORAM_BANK0                                          ----                ----                ----                                                                                                                                                                                                     *
* "Init Table"                                           8000                8008                9                                                                                                                                                                                                        *
***********************************************************************************************************************************************************************************************************************************************************************************************************

***********************************************************************************************************************************************************************************************************************************************************************************************************
*                             M E M O R Y     S U M M A R Y                                                                                                                                                                                                                                               *
***********************************************************************************************************************************************************************************************************************************************************************************************************
*     Type                          Total               Using        Remain                                                                                                                                                                                                                               *
***********************************************************************************************************************************************************************************************************************************************************************************************************
* "SRam/OSRam/ISRam"                40                   0            40                                                                                                                                                                                                                                  *
* "Ram"                             800                  2            7FE                                                                                                                                                                                                                                 *
* "First Bank Rom"                  7C00                 221          79DF                                                                                                                                                                                                                                *
* "Other Banks Rom"                 0                    0            0                                                                                                                                                                                                                                   *
***********************************************************************************************************************************************************************************************************************************************************************************************************

Linker Output Filename : D:\Light3\light\Debug\light.S37
Disk  Mapping Filename : D:\Light3\light\Debug\light.map
Symbol  Table FileName : D:\Light3\light\Debug\light.sym
Format :                 Microtek

Linker Errors :          0
Output Format :          S37
