Friday, July 17, 16:28:25, 2015

                    Sunplus u'nSP Linker version 1.14.15 (enc)
                    -------------------------------------------

Global Symbol Name                                Global Value     Global Filename
***********************************************************************************************************************************************************************************************************************************************************************************************************
_RESET                                                   8009      "C:\Program Files\Sunplus\unSP IDE 2.6.2D\startupcode\startupD.obj"
__sn_loop                                                8025      "C:\Program Files\Sunplus\unSP IDE 2.6.2D\startupcode\startupD.obj"
__sn_loop2                                               8024      "C:\Program Files\Sunplus\unSP IDE 2.6.2D\startupcode\startupD.obj"
__sn_init_table                                          8000   "Linker internal symbol"
__sn_sp_val                                              7FF    "Linker internal symbol"
_clearTimer                                              8026      "D:\Light\light\Debug\main.obj"
_Delay                                                   8033      "D:\Light\light\Debug\main.obj"
_KeyScan                                                 804F      "D:\Light\light\Debug\main.obj"
_delayMs                                                 8079      "D:\Light\light\Debug\main.obj"
_loop                                                    80A9      "D:\Light\light\Debug\main.obj"
_main                                                    8157      "D:\Light\light\Debug\main.obj"
_RES_Table                                               0         "D:\Light\light\Debug\Resource.obj"
***********************************************************************************************************************************************************************************************************************************************************************************************************

***********************************************************************************************************************************************************************************************************************************************************************************************************
*                             S E C T I O N     S U M M A R Y                                                                                                                                                                                                                                             *
***********************************************************************************************************************************************************************************************************************************************************************************************************
*     Section Name                             Startting Address   Ending Address    Size                                                                                                                                                                                                                 *
***********************************************************************************************************************************************************************************************************************************************************************************************************
* "C:\Program Files\Sunplus\unSP IDE 2.6.2D\startupcode\startupD.obj"                                                                                                                                                                                                                                     *
*    DEBUG                                               ----           ----              ----                                                                                                                                                                                                            *
*    CODE                                                ----           ----              ----                                                                                                                                                                                                            *
*    DATA                                                ----           ----              ----                                                                                                                                                                                                            *
*    TEXT                                                ----           ----              ----                                                                                                                                                                                                            *
*    IRAM                                                ----           ----              ----                                                                                                                                                                                                            *
*    ISRAM                                               ----           ----              ----                                                                                                                                                                                                            *
*    RAM                                                 ----           ----              ----                                                                                                                                                                                                            *
*    SRAM                                                ----           ----              ----                                                                                                                                                                                                            *
*    ORAM                                                ----           ----              ----                                                                                                                                                                                                            *
*    OSRAM                                               ----           ----              ----                                                                                                                                                                                                            *
*    NB_DATA                                             ----           ----              ----                                                                                                                                                                                                            *
*    CTOR                                                ----           ----              ----                                                                                                                                                                                                            *
*    DTOR                                                ----           ----              ----                                                                                                                                                                                                            *
*    IM                                                  ----           ----              ----                                                                                                                                                                                                            *
*    LINKONCE                                            ----           ----              ----                                                                                                                                                                                                            *
*    VTBL                                                ----           ----              ----                                                                                                                                                                                                            *
*    NB_MERGE                                            ----           ----              ----                                                                                                                                                                                                            *
*    unSP_StartUp(TEXT)                                  8009           8025              1D                                                                                                                                                                                                              *
* "D:\Light\light\Debug\main.obj"                                                                                                                                                                                                                                                                         *
*    DEBUG                                               ----           ----              ----                                                                                                                                                                                                            *
*    CODE                                                8026           816D              148                                                                                                                                                                                                             *
*    DATA                                                ----           ----              ----                                                                                                                                                                                                            *
*    TEXT                                                ----           ----              ----                                                                                                                                                                                                            *
*    IRAM                                                ----           ----              ----                                                                                                                                                                                                            *
*    ISRAM                                               ----           ----              ----                                                                                                                                                                                                            *
*    RAM                                                 ----           ----              ----                                                                                                                                                                                                            *
*    SRAM                                                ----           ----              ----                                                                                                                                                                                                            *
*    ORAM                                                ----           ----              ----                                                                                                                                                                                                            *
*    OSRAM                                               ----           ----              ----                                                                                                                                                                                                            *
*    NB_DATA                                             ----           ----              ----                                                                                                                                                                                                            *
*    CTOR                                                ----           ----              ----                                                                                                                                                                                                            *
*    DTOR                                                ----           ----              ----                                                                                                                                                                                                            *
*    IM                                                  ----           ----              ----                                                                                                                                                                                                            *
*    LINKONCE                                            ----           ----              ----                                                                                                                                                                                                            *
*    VTBL                                                ----           ----              ----                                                                                                                                                                                                            *
*    NB_MERGE                                            ----           ----              ----                                                                                                                                                                                                            *
*    RAM_BANK0                                           ----           ----              ----                                                                                                                                                                                                            *
*    IRAM_BANK0                                          ----           ----              ----                                                                                                                                                                                                            *
*    ORAM_BANK0                                          ----           ----              ----                                                                                                                                                                                                            *
* "D:\Light\light\Debug\Resource.obj"                                                                                                                                                                                                                                                                     *
*    DEBUG                                               ----           ----              ----                                                                                                                                                                                                            *
*    CODE                                                ----           ----              ----                                                                                                                                                                                                            *
*    DATA                                                ----           ----              ----                                                                                                                                                                                                            *
*    TEXT                                                ----           ----              ----                                                                                                                                                                                                            *
*    IRAM                                                ----           ----              ----                                                                                                                                                                                                            *
*    ISRAM                                               ----           ----              ----                                                                                                                                                                                                            *
*    RAM                                                 ----           ----              ----                                                                                                                                                                                                            *
*    SRAM                                                ----           ----              ----                                                                                                                                                                                                            *
*    ORAM                                                ----           ----              ----                                                                                                                                                                                                            *
*    OSRAM                                               ----           ----              ----                                                                                                                                                                                                            *
*    NB_DATA                                             ----           ----              ----                                                                                                                                                                                                            *
*    CTOR                                                ----           ----              ----                                                                                                                                                                                                            *
*    DTOR                                                ----           ----              ----                                                                                                                                                                                                            *
*    IM                                                  ----           ----              ----                                                                                                                                                                                                            *
*    LINKONCE                                            ----           ----              ----                                                                                                                                                                                                            *
*    VTBL                                                ----           ----              ----                                                                                                                                                                                                            *
*    NB_MERGE                                            ----           ----              ----                                                                                                                                                                                                            *
*    RAM_BANK0                                           ----           ----              ----                                                                                                                                                                                                            *
*    IRAM_BANK0                                          ----           ----              ----                                                                                                                                                                                                            *
*    ORAM_BANK0                                          ----           ----              ----                                                                                                                                                                                                            *
* "Init Table"                                           8000           8008              9                                                                                                                                                                                                               *
***********************************************************************************************************************************************************************************************************************************************************************************************************

***********************************************************************************************************************************************************************************************************************************************************************************************************
*                             M E M O R Y     S U M M A R Y                                                                                                                                                                                                                                               *
***********************************************************************************************************************************************************************************************************************************************************************************************************
*     Type                          Total               Using        Remain                                                                                                                                                                                                                               *
***********************************************************************************************************************************************************************************************************************************************************************************************************
* "SRam/OSRam/ISRam"                40                   0            40                                                                                                                                                                                                                                  *
* "Ram"                             800                  1            7FF                                                                                                                                                                                                                                 *
* "First Bank Rom"                  7C00                 16E          7A92                                                                                                                                                                                                                                *
* "Other Banks Rom"                 0                    0            0                                                                                                                                                                                                                                   *
***********************************************************************************************************************************************************************************************************************************************************************************************************

Linker Output Filename : D:\Light\light\Debug\light.S37
Disk  Mapping Filename : D:\Light\light\Debug\light.map
Symbol  Table FileName : D:\Light\light\Debug\light.sym
Format :                 Microtek

Linker Errors :          0
Output Format :          S37
